info: uninstalling toolchain solana
info: toolchain solana uninstalled
info: uninstalling toolchain solana
info: toolchain solana uninstalled
    Updating crates.io index
   Compiling mohar v0.1.0 (/home/hatch/workspace/bharosa/programs/mohar)
warning: unexpected `cfg` condition value: `custom-heap`
 --> programs/mohar/src/lib.rs:7:1
  |
7 | #[program]
  | ^^^^^^^^^^
  |
  = note: expected values for `feature` are: `cpi`, `default`, `idl-build`, `no-entrypoint`, `no-idl`, and `no-log-ix-name`
  = help: consider adding `custom-heap` as a feature in `Cargo.toml`
  = note: see <https://doc.rust-lang.org/nightly/rustc/check-cfg/cargo-specifics.html> for more information about checking conditional configuration
  = note: `#[warn(unexpected_cfgs)]` on by default
  = note: this warning originates in the macro `$crate::custom_heap_default` which comes from the expansion of the attribute macro `program` (in Nightly builds, run with -Z macro-backtrace for more info)

warning: unexpected `cfg` condition value: `custom-panic`
 --> programs/mohar/src/lib.rs:7:1
  |
7 | #[program]
  | ^^^^^^^^^^
  |
  = note: expected values for `feature` are: `cpi`, `default`, `idl-build`, `no-entrypoint`, `no-idl`, and `no-log-ix-name`
  = help: consider adding `custom-panic` as a feature in `Cargo.toml`
  = note: see <https://doc.rust-lang.org/nightly/rustc/check-cfg/cargo-specifics.html> for more information about checking conditional configuration
  = note: this warning originates in the macro `$crate::custom_panic_default` which comes from the expansion of the attribute macro `program` (in Nightly builds, run with -Z macro-backtrace for more info)

warning: unexpected `cfg` condition value: `anchor-debug`
 --> programs/mohar/src/lib.rs:7:1
  |
7 | #[program]
  | ^^^^^^^^^^
  |
  = note: expected values for `feature` are: `cpi`, `default`, `idl-build`, `no-entrypoint`, `no-idl`, and `no-log-ix-name`
  = help: consider adding `anchor-debug` as a feature in `Cargo.toml`
  = note: see <https://doc.rust-lang.org/nightly/rustc/check-cfg/cargo-specifics.html> for more information about checking conditional configuration
  = note: this warning originates in the attribute macro `program` (in Nightly builds, run with -Z macro-backtrace for more info)

warning: unexpected `cfg` condition value: `anchor-debug`
 --> programs/mohar/src/lib.rs:7:1
  |
7 | #[program]
  | ^^^^^^^^^^
  |
  = note: expected values for `feature` are: `cpi`, `default`, `idl-build`, `no-entrypoint`, `no-idl`, and `no-log-ix-name`
  = help: consider adding `anchor-debug` as a feature in `Cargo.toml`
  = note: see <https://doc.rust-lang.org/nightly/rustc/check-cfg/cargo-specifics.html> for more information about checking conditional configuration
  = note: this warning originates in the derive macro `Accounts` (in Nightly builds, run with -Z macro-backtrace for more info)

warning: unexpected `cfg` condition value: `anchor-debug`
   --> programs/mohar/src/lib.rs:238:10
    |
238 | #[derive(Accounts)]
    |          ^^^^^^^^
    |
    = note: expected values for `feature` are: `cpi`, `default`, `idl-build`, `no-entrypoint`, `no-idl`, and `no-log-ix-name`
    = help: consider adding `anchor-debug` as a feature in `Cargo.toml`
    = note: see <https://doc.rust-lang.org/nightly/rustc/check-cfg/cargo-specifics.html> for more information about checking conditional configuration
    = note: this warning originates in the derive macro `Accounts` (in Nightly builds, run with -Z macro-backtrace for more info)

warning: unexpected `cfg` condition value: `anchor-debug`
   --> programs/mohar/src/lib.rs:282:10
    |
282 | #[derive(Accounts)]
    |          ^^^^^^^^
    |
    = note: expected values for `feature` are: `cpi`, `default`, `idl-build`, `no-entrypoint`, `no-idl`, and `no-log-ix-name`
    = help: consider adding `anchor-debug` as a feature in `Cargo.toml`
    = note: see <https://doc.rust-lang.org/nightly/rustc/check-cfg/cargo-specifics.html> for more information about checking conditional configuration
    = note: this warning originates in the derive macro `Accounts` (in Nightly builds, run with -Z macro-backtrace for more info)

warning: unexpected `cfg` condition value: `anchor-debug`
   --> programs/mohar/src/lib.rs:294:10
    |
294 | #[derive(Accounts)]
    |          ^^^^^^^^
    |
    = note: expected values for `feature` are: `cpi`, `default`, `idl-build`, `no-entrypoint`, `no-idl`, and `no-log-ix-name`
    = help: consider adding `anchor-debug` as a feature in `Cargo.toml`
    = note: see <https://doc.rust-lang.org/nightly/rustc/check-cfg/cargo-specifics.html> for more information about checking conditional configuration
    = note: this warning originates in the derive macro `Accounts` (in Nightly builds, run with -Z macro-backtrace for more info)

warning: unexpected `cfg` condition value: `anchor-debug`
   --> programs/mohar/src/lib.rs:318:10
    |
318 | #[derive(Accounts)]
    |          ^^^^^^^^
    |
    = note: expected values for `feature` are: `cpi`, `default`, `idl-build`, `no-entrypoint`, `no-idl`, and `no-log-ix-name`
    = help: consider adding `anchor-debug` as a feature in `Cargo.toml`
    = note: see <https://doc.rust-lang.org/nightly/rustc/check-cfg/cargo-specifics.html> for more information about checking conditional configuration
    = note: this warning originates in the derive macro `Accounts` (in Nightly builds, run with -Z macro-backtrace for more info)

warning: unexpected `cfg` condition value: `anchor-debug`
   --> programs/mohar/src/lib.rs:342:10
    |
342 | #[derive(Accounts)]
    |          ^^^^^^^^
    |
    = note: expected values for `feature` are: `cpi`, `default`, `idl-build`, `no-entrypoint`, `no-idl`, and `no-log-ix-name`
    = help: consider adding `anchor-debug` as a feature in `Cargo.toml`
    = note: see <https://doc.rust-lang.org/nightly/rustc/check-cfg/cargo-specifics.html> for more information about checking conditional configuration
    = note: this warning originates in the derive macro `Accounts` (in Nightly builds, run with -Z macro-backtrace for more info)

warning: unexpected `cfg` condition value: `anchor-debug`
   --> programs/mohar/src/lib.rs:369:10
    |
369 | #[derive(Accounts)]
    |          ^^^^^^^^
    |
    = note: expected values for `feature` are: `cpi`, `default`, `idl-build`, `no-entrypoint`, `no-idl`, and `no-log-ix-name`
    = help: consider adding `anchor-debug` as a feature in `Cargo.toml`
    = note: see <https://doc.rust-lang.org/nightly/rustc/check-cfg/cargo-specifics.html> for more information about checking conditional configuration
    = note: this warning originates in the derive macro `Accounts` (in Nightly builds, run with -Z macro-backtrace for more info)

warning: unexpected `cfg` condition value: `anchor-debug`
   --> programs/mohar/src/lib.rs:380:10
    |
380 | #[derive(Accounts)]
    |          ^^^^^^^^
    |
    = note: expected values for `feature` are: `cpi`, `default`, `idl-build`, `no-entrypoint`, `no-idl`, and `no-log-ix-name`
    = help: consider adding `anchor-debug` as a feature in `Cargo.toml`
    = note: see <https://doc.rust-lang.org/nightly/rustc/check-cfg/cargo-specifics.html> for more information about checking conditional configuration
    = note: this warning originates in the derive macro `Accounts` (in Nightly builds, run with -Z macro-backtrace for more info)

warning: `mohar` (lib) generated 16 warnings (5 duplicates)
    Finished `release` profile [optimized] target(s) in 5.52s
 Downloading crates ...
  Downloaded cargo_toml v0.19.2
  Downloaded toml_write v0.1.2
  Downloaded toml v0.8.23
  Downloaded regex v1.13.1
  Downloaded aho-corasick v1.1.5
  Downloaded regex-syntax v0.8.11
  Downloaded regex-automata v0.4.18
   Compiling proc-macro2 v1.0.107
   Compiling unicode-ident v1.0.26
   Compiling quote v1.0.47
   Compiling version_check v0.9.5
   Compiling generic-array v0.14.7
   Compiling typenum v1.20.1
   Compiling cfg-if v1.0.5
   Compiling syn v3.0.6
   Compiling serde_core v1.0.229
   Compiling serde v1.0.229
   Compiling serde_derive v1.0.229
   Compiling libc v0.2.189
   Compiling syn v2.0.119
   Compiling block-buffer v0.10.4
   Compiling hashbrown v0.15.5
   Compiling cpufeatures v0.2.17
   Compiling equivalent v1.0.2
   Compiling indexmap v2.9.0
   Compiling getrandom v0.2.17
   Compiling winnow v0.7.15
   Compiling rand_core v0.6.4
   Compiling toml_datetime v0.6.11
   Compiling serde_spanned v0.6.9
   Compiling toml_write v0.1.2
   Compiling crypto-common v0.1.7
   Compiling subtle v2.6.1
   Compiling syn v1.0.109
   Compiling toml_edit v0.22.27
   Compiling zerocopy v0.8.59
   Compiling digest v0.10.7
   Compiling autocfg v1.5.1
   Compiling proc-macro-crate v3.3.0
   Compiling cfg_aliases v0.2.2
   Compiling borsh v1.5.7
   Compiling once_cell v1.21.4
   Compiling five8_core v0.1.2
   Compiling borsh-derive v1.5.7
   Compiling num-traits v0.2.19
   Compiling bytemuck_derive v1.12.1
   Compiling bytemuck v1.25.2
   Compiling five8 v0.2.1
   Compiling zeroize_derive v1.4.2
   Compiling ahash v0.8.12
   Compiling semver v1.0.28
   Compiling solana-sanitize v2.2.1
   Compiling rustc_version v0.4.1
   Compiling zeroize v1.8.1
   Compiling borsh-derive-internal v0.10.4
   Compiling toml v0.5.11
   Compiling solana-atomic-u64 v2.2.1
   Compiling memchr v2.8.3
   Compiling proc-macro-crate v0.1.5
   Compiling solana-hash v2.3.0
   Compiling curve25519-dalek v4.1.3
   Compiling borsh-schema-derive-internal v0.10.4
   Compiling zmij v1.0.23
   Compiling borsh-derive v0.10.4
   Compiling hashbrown v0.13.2
   Compiling sha2 v0.10.9
   Compiling curve25519-dalek-derive v0.1.1
   Compiling serde_json v1.0.151
   Compiling borsh v0.10.4
   Compiling itoa v1.0.18
   Compiling solana-sha256-hasher v2.3.0
   Compiling solana-decode-error v2.3.0
   Compiling five8_const v0.1.4
   Compiling solana-pubkey v2.4.0
   Compiling bincode v1.3.3
   Compiling solana-sdk-ids v2.2.1
   Compiling bs58 v0.5.1
   Compiling solana-instruction v2.3.3
   Compiling solana-msg v2.2.1
   Compiling solana-program-error v2.2.2
   Compiling solana-sysvar-id v2.2.1
   Compiling lazy_static v1.5.0
   Compiling thiserror v1.0.69
   Compiling thiserror-impl v1.0.69
   Compiling solana-program-memory v2.3.1
   Compiling thiserror v2.0.21
   Compiling solana-account-info v2.3.0
   Compiling ppv-lite86 v0.2.21
   Compiling thiserror-impl v2.0.21
   Compiling opaque-debug v0.3.1
   Compiling solana-sdk-macro v2.2.1
   Compiling keccak v0.1.6
   Compiling solana-transaction-error v2.2.1
   Compiling num-derive v0.4.2
   Compiling inout v0.1.4
   Compiling base64 v0.22.1
   Compiling cipher v0.4.4
   Compiling sha3 v0.10.9
   Compiling percent-encoding v2.3.2
   Compiling fnv v1.0.7
   Compiling qstring v0.7.2
   Compiling uriparse v0.6.4
   Compiling rand_chacha v0.3.1
   Compiling solana-system-interface v1.0.0
   Compiling universal-hash v0.5.1
   Compiling derivation-path v0.2.0
   Compiling anyhow v1.0.104
   Compiling solana-derivation-path v2.2.1
   Compiling polyval v0.6.2
   Compiling rand v0.8.8
   Compiling ctr v0.9.2
   Compiling aes v0.8.4
   Compiling solana-signature v2.3.0
   Compiling pbkdf2 v0.11.0
   Compiling hmac v0.12.1
   Compiling aead v0.5.2
   Compiling byteorder v1.5.0
   Compiling either v1.18.0
   Compiling merlin v3.0.0
   Compiling itertools v0.12.1
   Compiling aes-gcm-siv v0.11.1
   Compiling solana-seed-phrase v2.2.1
   Compiling solana-signer v2.2.1
   Compiling solana-seed-derivable v2.2.1
   Compiling solana-clock v2.2.3
   Compiling solana-program-option v2.2.1
   Compiling unicode-segmentation v1.12.0
   Compiling solana-zk-sdk v2.3.13
   Compiling crunchy v0.2.4
   Compiling heck v0.3.3
   Compiling toml v0.8.23
   Compiling arrayref v0.3.9
   Compiling feature-probe v0.1.1
   Compiling bv v0.11.1
   Compiling cargo_toml v0.19.2
   Compiling solana-serialize-utils v2.2.1
   Compiling log v0.4.34
   Compiling solana-fee-calculator v2.2.1
   Compiling anchor-syn v0.32.2
   Compiling spl-pod v0.5.1
   Compiling solana-rent v2.2.1
   Compiling spl-discriminator-syn v0.2.1
   Compiling solana-cpi v2.2.1
   Compiling solana-program-entrypoint v2.3.0
   Compiling solana-slot-hashes v2.2.1
   Compiling digest v0.9.0
   Compiling getrandom v0.1.16
   Compiling shlex v2.0.1
   Compiling find-msvc-tools v0.1.14
   Compiling bitflags v2.13.2
   Compiling solana-instructions-sysvar v2.2.2
   Compiling cc v1.5.1
   Compiling libsecp256k1-core v0.2.2
   Compiling spl-discriminator-derive v0.2.0
   Compiling spl-discriminator v0.4.1
   Compiling blake3 v1.5.5
   Compiling solana-stake-interface v1.2.1
   Compiling solana-slot-history v2.2.1
   Compiling solana-last-restart-slot v2.2.1
   Compiling solana-epoch-schedule v2.2.1
   Compiling solana-epoch-rewards v2.2.1
   Compiling serde_bytes v0.11.19
   Compiling solana-sysvar v2.3.0
   Compiling rand_core v0.5.1
   Compiling libsecp256k1-gen-ecmult v0.2.1
   Compiling libsecp256k1-gen-genmult v0.2.1
   Compiling arrayvec v0.7.8
   Compiling rustversion v1.0.23
   Compiling constant_time_eq v0.3.1
   Compiling libsecp256k1 v0.6.0
   Compiling rand_chacha v0.2.2
   Compiling spl-type-length-value v0.8.0
   Compiling solana-curve25519 v2.3.13
   Compiling spl-program-error-derive v0.5.0
   Compiling solana-program-pack v2.2.1
   Compiling solana-short-vec v2.2.1
   Compiling block-buffer v0.9.0
   Compiling sha2 v0.9.9
   Compiling spl-program-error v0.7.0
   Compiling rand v0.7.3
   Compiling solana-account v2.2.1
   Compiling anchor-lang-idl-spec v0.1.0
   Compiling solana-stable-layout v2.2.1
   Compiling solana-bincode v2.2.1
   Compiling solana-borsh v2.2.1
   Compiling aho-corasick v1.1.5
   Compiling num-integer v0.1.47
   Compiling num_enum_derive v0.7.6
   Compiling memoffset v0.9.1
   Compiling regex-syntax v0.8.11
   Compiling base64 v0.12.3
   Compiling regex-automata v0.4.18
   Compiling num_enum v0.7.6
   Compiling num-bigint v0.4.8
   Compiling solana-message v2.4.0
   Compiling solana-feature-gate-interface v2.2.2
   Compiling spl-tlv-account-resolution v0.10.0
   Compiling spl-token-confidential-transfer-proof-extraction v0.3.0
   Compiling solana-address-lookup-table-interface v2.2.2
   Compiling solana-nonce v2.2.1
   Compiling solana-keccak-hasher v2.2.1
   Compiling solana-serde-varint v2.2.2
   Compiling solana-native-token v2.3.0
   Compiling solana-vote-interface v2.2.6
   Compiling solana-example-mocks v2.2.1
   Compiling spl-elgamal-registry v0.2.0
   Compiling spl-transfer-hook-interface v0.10.0
   Compiling regex v1.13.1
   Compiling solana-big-mod-exp v2.2.1
   Compiling spl-token v8.0.0
   Compiling solana-secp256k1-recover v2.2.1
   Compiling anchor-lang-idl v0.1.4
   Compiling spl-token-metadata-interface v0.7.0
   Compiling spl-token-confidential-transfer-ciphertext-arithmetic v0.3.1
   Compiling solana-blake3-hasher v2.2.1
   Compiling solana-loader-v2-interface v2.2.1
   Compiling solana-loader-v4-interface v2.2.1
   Compiling solana-loader-v3-interface v5.0.0
   Compiling spl-token-group-interface v0.6.0
   Compiling spl-memo v6.0.0
   Compiling spl-token-confidential-transfer-proof-generation v0.4.1
   Compiling solana-security-txt v1.1.3
   Compiling solana-define-syscall v2.3.0
   Compiling solana-program v2.3.0
   Compiling solana-invoke v0.4.0
   Compiling anchor-attribute-program v0.32.2
   Compiling spl-token-2022 v8.0.1
   Compiling solana-loader-v3-interface v3.0.0
   Compiling anchor-derive-serde v0.32.2
   Compiling anchor-attribute-constant v0.32.2
   Compiling anchor-attribute-error v0.32.2
   Compiling anchor-derive-accounts v0.32.2
   Compiling anchor-attribute-event v0.32.2
   Compiling anchor-attribute-account v0.32.2
   Compiling anchor-attribute-access-control v0.32.2
   Compiling spl-associated-token-account-client v2.0.0
   Compiling anchor-derive-space v0.32.2
   Compiling base64 v0.21.7
   Compiling anchor-lang v0.32.1
   Compiling spl-associated-token-account v7.0.0
   Compiling anchor-spl v0.32.1
   Compiling mohar v0.1.0 (/home/hatch/workspace/bharosa/programs/mohar)
    Finished `test` profile [unoptimized + debuginfo] target(s) in 1m 47s
     Running unittests src/lib.rs (/home/hatch/workspace/bharosa/target/debug/deps/mohar-0cfae44a69147a3c)
EXIT: 0
