info: uninstalling toolchain solana
info: toolchain solana uninstalled
info: uninstalling toolchain solana
info: toolchain solana uninstalled
   Compiling mohar v0.1.0 (/home/hatch/workspace/bharosa/programs/mohar)
warning: unexpected `cfg` condition value: `custom-heap`
 --> programs/mohar/src/lib.rs:7:1
  |
7 | #[program]
  | ^^^^^^^^^^
  |
  = note: expected values for `feature` are: `cpi`, `default`, `no-entrypoint`, `no-idl`, and `no-log-ix-name`
  = help: consider adding `custom-heap` as a feature in `Cargo.toml`
  = note: see <https://doc.rust-lang.org/nightly/rustc/check-cfg/cargo-specifics.html> for more information about checking conditional configuration
  = note: `#[warn(unexpected_cfgs)]` on by default
  = note: this warning originates in the macro `$crate::custom_heap_default` which comes from the expansion of the attribute macro `program` (in Nightly builds, run with -Z macro-backtrace for more info)

warning: unexpected `cfg` condition value: `custom-panic`
 --> programs/mohar/src/lib.rs:7:1
  |
7 | #[program]
  | ^^^^^^^^^^
  |
  = note: expected values for `feature` are: `cpi`, `default`, `no-entrypoint`, `no-idl`, and `no-log-ix-name`
  = help: consider adding `custom-panic` as a feature in `Cargo.toml`
  = note: see <https://doc.rust-lang.org/nightly/rustc/check-cfg/cargo-specifics.html> for more information about checking conditional configuration
  = note: this warning originates in the macro `$crate::custom_panic_default` which comes from the expansion of the attribute macro `program` (in Nightly builds, run with -Z macro-backtrace for more info)

warning: unexpected `cfg` condition value: `anchor-debug`
 --> programs/mohar/src/lib.rs:7:1
  |
7 | #[program]
  | ^^^^^^^^^^
  |
  = note: expected values for `feature` are: `cpi`, `default`, `no-entrypoint`, `no-idl`, and `no-log-ix-name`
  = help: consider adding `anchor-debug` as a feature in `Cargo.toml`
  = note: see <https://doc.rust-lang.org/nightly/rustc/check-cfg/cargo-specifics.html> for more information about checking conditional configuration
  = note: this warning originates in the attribute macro `program` (in Nightly builds, run with -Z macro-backtrace for more info)

warning: unexpected `cfg` condition value: `anchor-debug`
 --> programs/mohar/src/lib.rs:7:1
  |
7 | #[program]
  | ^^^^^^^^^^
  |
  = note: expected values for `feature` are: `cpi`, `default`, `no-entrypoint`, `no-idl`, and `no-log-ix-name`
  = help: consider adding `anchor-debug` as a feature in `Cargo.toml`
  = note: see <https://doc.rust-lang.org/nightly/rustc/check-cfg/cargo-specifics.html> for more information about checking conditional configuration
  = note: this warning originates in the derive macro `Accounts` (in Nightly builds, run with -Z macro-backtrace for more info)

warning: unexpected `cfg` condition value: `anchor-debug`
   --> programs/mohar/src/lib.rs:238:10
    |
238 | #[derive(Accounts)]
    |          ^^^^^^^^
    |
    = note: expected values for `feature` are: `cpi`, `default`, `no-entrypoint`, `no-idl`, and `no-log-ix-name`
    = help: consider adding `anchor-debug` as a feature in `Cargo.toml`
    = note: see <https://doc.rust-lang.org/nightly/rustc/check-cfg/cargo-specifics.html> for more information about checking conditional configuration
    = note: this warning originates in the derive macro `Accounts` (in Nightly builds, run with -Z macro-backtrace for more info)

warning: unexpected `cfg` condition value: `anchor-debug`
   --> programs/mohar/src/lib.rs:282:10
    |
282 | #[derive(Accounts)]
    |          ^^^^^^^^
    |
    = note: expected values for `feature` are: `cpi`, `default`, `no-entrypoint`, `no-idl`, and `no-log-ix-name`
    = help: consider adding `anchor-debug` as a feature in `Cargo.toml`
    = note: see <https://doc.rust-lang.org/nightly/rustc/check-cfg/cargo-specifics.html> for more information about checking conditional configuration
    = note: this warning originates in the derive macro `Accounts` (in Nightly builds, run with -Z macro-backtrace for more info)

warning: unexpected `cfg` condition value: `anchor-debug`
   --> programs/mohar/src/lib.rs:294:10
    |
294 | #[derive(Accounts)]
    |          ^^^^^^^^
    |
    = note: expected values for `feature` are: `cpi`, `default`, `no-entrypoint`, `no-idl`, and `no-log-ix-name`
    = help: consider adding `anchor-debug` as a feature in `Cargo.toml`
    = note: see <https://doc.rust-lang.org/nightly/rustc/check-cfg/cargo-specifics.html> for more information about checking conditional configuration
    = note: this warning originates in the derive macro `Accounts` (in Nightly builds, run with -Z macro-backtrace for more info)

warning: unexpected `cfg` condition value: `anchor-debug`
   --> programs/mohar/src/lib.rs:318:10
    |
318 | #[derive(Accounts)]
    |          ^^^^^^^^
    |
    = note: expected values for `feature` are: `cpi`, `default`, `no-entrypoint`, `no-idl`, and `no-log-ix-name`
    = help: consider adding `anchor-debug` as a feature in `Cargo.toml`
    = note: see <https://doc.rust-lang.org/nightly/rustc/check-cfg/cargo-specifics.html> for more information about checking conditional configuration
    = note: this warning originates in the derive macro `Accounts` (in Nightly builds, run with -Z macro-backtrace for more info)

warning: unexpected `cfg` condition value: `anchor-debug`
   --> programs/mohar/src/lib.rs:342:10
    |
342 | #[derive(Accounts)]
    |          ^^^^^^^^
    |
    = note: expected values for `feature` are: `cpi`, `default`, `no-entrypoint`, `no-idl`, and `no-log-ix-name`
    = help: consider adding `anchor-debug` as a feature in `Cargo.toml`
    = note: see <https://doc.rust-lang.org/nightly/rustc/check-cfg/cargo-specifics.html> for more information about checking conditional configuration
    = note: this warning originates in the derive macro `Accounts` (in Nightly builds, run with -Z macro-backtrace for more info)

warning: unexpected `cfg` condition value: `anchor-debug`
   --> programs/mohar/src/lib.rs:369:10
    |
369 | #[derive(Accounts)]
    |          ^^^^^^^^
    |
    = note: expected values for `feature` are: `cpi`, `default`, `no-entrypoint`, `no-idl`, and `no-log-ix-name`
    = help: consider adding `anchor-debug` as a feature in `Cargo.toml`
    = note: see <https://doc.rust-lang.org/nightly/rustc/check-cfg/cargo-specifics.html> for more information about checking conditional configuration
    = note: this warning originates in the derive macro `Accounts` (in Nightly builds, run with -Z macro-backtrace for more info)

warning: unexpected `cfg` condition value: `anchor-debug`
   --> programs/mohar/src/lib.rs:380:10
    |
380 | #[derive(Accounts)]
    |          ^^^^^^^^
    |
    = note: expected values for `feature` are: `cpi`, `default`, `no-entrypoint`, `no-idl`, and `no-log-ix-name`
    = help: consider adding `anchor-debug` as a feature in `Cargo.toml`
    = note: see <https://doc.rust-lang.org/nightly/rustc/check-cfg/cargo-specifics.html> for more information about checking conditional configuration
    = note: this warning originates in the derive macro `Accounts` (in Nightly builds, run with -Z macro-backtrace for more info)

warning: `mohar` (lib) generated 16 warnings (5 duplicates)
    Finished `release` profile [optimized] target(s) in 5.06s
+ wget https://github.com/Snaipe/Criterion/releases/download/v2.3.3/criterion-v2.3.3-linux-x86_64.tar.bz2 -O criterion-v2.3.3-linux-x86_64.tar.bz2 --progress=dot:giga --retry-connrefused --read-timeout=30
--2026-09-28 18:42:17--  https://github.com/Snaipe/Criterion/releases/download/v2.3.3/criterion-v2.3.3-linux-x86_64.tar.bz2
Resolving hatch-egress-proxy (hatch-egress-proxy)... fd8b:4f84:7d32:99::1, 198.19.0.1
Connecting to hatch-egress-proxy (hatch-egress-proxy)|fd8b:4f84:7d32:99::1|:3128... connected.
Proxy request sent, awaiting response... 302 Found
Location: https://release-assets.githubusercontent.com/github-production-release-asset/30111969/98b27400-e1f1-11e8-8f10-e43f4ef84b92?sp=r&sv=2018-11-09&sr=b&spr=https&se=2026-09-28T19%3A24%3A14Z&rscd=attachment%3B+filename%3Dcriterion-v2.3.3-linux-x86_64.tar.bz2&rsct=application%2Foctet-stream&skoid=96c2d410-5711-43a1-aedd-ab1947aa7ab0&sktid=398a6654-997b-47e9-b12b-9515b896b4de&skt=2026-09-28T18%3A24%3A05Z&ske=2026-09-28T19%3A24%3A14Z&sks=b&skv=2018-11-09&sig=5tn5sf%2BmYn%2Bl8mdpXqyH0u4XiDxjfGUK1CQ9xvBHQDU%3D&jwt=eyJ0eXAiOiJKV1QiLCJhbGciOiJIUzI1NiJ9.eyJpc3MiOiJnaXRodWIuY29tIiwiYXVkIjoicmVsZWFzZS1hc3NldHMuZ2l0aHVidXNlcmNvbnRlbnQuY29tIiwia2V5Ijoia2V5MSIsImV4cCI6MTc5MDYyMTIzOSwibmJmIjoxNzkwNjIwOTM5LCJwYXRoIjoicmVsZWFzZWFzc2V0cHJvZHVjdGlvbi5ibG9iLmNvcmUud2luZG93cy5uZXQifQ.pFRUpSxzW82jVKa61sYq2IsxGKp_AxIgHdEVLtB0ioQ&response-content-disposition=attachment%3B%20filename%3Dcriterion-v2.3.3-linux-x86_64.tar.bz2&response-content-type=application%2Foctet-stream [following]
--2026-09-28 18:42:18--  https://release-assets.githubusercontent.com/github-production-release-asset/30111969/98b27400-e1f1-11e8-8f10-e43f4ef84b92?sp=r&sv=2018-11-09&sr=b&spr=https&se=2026-09-28T19%3A24%3A14Z&rscd=attachment%3B+filename%3Dcriterion-v2.3.3-linux-x86_64.tar.bz2&rsct=application%2Foctet-stream&skoid=96c2d410-5711-43a1-aedd-ab1947aa7ab0&sktid=398a6654-997b-47e9-b12b-9515b896b4de&skt=2026-09-28T18%3A24%3A05Z&ske=2026-09-28T19%3A24%3A14Z&sks=b&skv=2018-11-09&sig=5tn5sf%2BmYn%2Bl8mdpXqyH0u4XiDxjfGUK1CQ9xvBHQDU%3D&jwt=eyJ0eXAiOiJKV1QiLCJhbGciOiJIUzI1NiJ9.eyJpc3MiOiJnaXRodWIuY29tIiwiYXVkIjoicmVsZWFzZS1hc3NldHMuZ2l0aHVidXNlcmNvbnRlbnQuY29tIiwia2V5Ijoia2V5MSIsImV4cCI6MTc5MDYyMTIzOSwibmJmIjoxNzkwNjIwOTM5LCJwYXRoIjoicmVsZWFzZWFzc2V0cHJvZHVjdGlvbi5ibG9iLmNvcmUud2luZG93cy5uZXQifQ.pFRUpSxzW82jVKa61sYq2IsxGKp_AxIgHdEVLtB0ioQ&response-content-disposition=attachment%3B%20filename%3Dcriterion-v2.3.3-linux-x86_64.tar.bz2&response-content-type=application%2Foctet-stream
Connecting to hatch-egress-proxy (hatch-egress-proxy)|fd8b:4f84:7d32:99::1|:3128... connected.
Proxy request sent, awaiting response... 200 OK
Length: 677858 (662K) [application/octet-stream]
Saving to: 'criterion-v2.3.3-linux-x86_64.tar.bz2'

     0K                                    100% 2.17M=0.3s

2026-09-28 18:42:19 (2.17 MB/s) - 'criterion-v2.3.3-linux-x86_64.tar.bz2' saved [677858/677858]

+ tar --strip-components 1 -jxf criterion-v2.3.3-linux-x86_64.tar.bz2
+ ./platform-tools/rust/bin/rustc --version
+ ./platform-tools/rust/bin/rustc --print sysroot
+ set +e
+ rustup toolchain uninstall solana
info: uninstalling toolchain solana
info: toolchain solana uninstalled
+ set -e
+ rustup toolchain link solana platform-tools/rust
+ exit 0
Error: `idl-build` feature is missing. To solve, add

[features]
idl-build = ["anchor-lang/idl-build", "anchor-spl/idl-build"]

in `"/home/hatch/workspace/bharosa/programs/mohar/Cargo.toml"`.
EXIT: 1
