info: uninstalling toolchain solana
info: toolchain solana uninstalled
info: uninstalling toolchain solana
info: toolchain solana uninstalled
 Downloading crates ...
  Downloaded anchor-attribute-access-control v0.32.2
  Downloaded libsecp256k1 v0.6.0
  Downloaded solana-loader-v4-interface v2.2.1
  Downloaded solana-curve25519 v2.3.13
  Downloaded fnv v1.0.7
  Downloaded num-derive v0.4.2
  Downloaded solana-system-interface v1.0.0
  Downloaded solana-stable-layout v2.2.1
  Downloaded spl-elgamal-registry v0.2.0
  Downloaded spl-associated-token-account-client v2.0.0
  Downloaded solana-vote-interface v2.2.6
  Downloaded spl-discriminator v0.4.1
  Downloaded solana-transaction-error v2.2.1
  Downloaded spl-token-group-interface v0.6.0
  Downloaded spl-memo v6.0.0
  Downloaded digest v0.9.0
  Downloaded cfg_aliases v0.2.2
  Downloaded spl-program-error-derive v0.5.0
  Downloaded subtle v2.6.1
  Downloaded itoa v1.0.18
  Downloaded spl-program-error v0.7.0
  Downloaded merlin v3.0.0
  Downloaded crunchy v0.2.4
  Downloaded universal-hash v0.5.1
  Downloaded spl-token-confidential-transfer-ciphertext-arithmetic v0.3.1
  Downloaded solana-account-info v2.3.0
  Downloaded zmij v1.0.23
  Downloaded spl-discriminator-syn v0.2.1
  Downloaded spl-token-confidential-transfer-proof-extraction v0.3.0
  Downloaded thiserror v2.0.21
  Downloaded zeroize_derive v1.4.2
  Downloaded thiserror v1.0.69
  Downloaded version_check v0.9.5
  Downloaded spl-token-metadata-interface v0.7.0
  Downloaded solana-sysvar v2.3.0
  Downloaded zeroize v1.8.1
  Downloaded toml_datetime v0.6.11
  Downloaded spl-type-length-value v0.8.0
  Downloaded spl-token-confidential-transfer-proof-generation v0.4.1
  Downloaded solana-seed-phrase v2.2.1
  Downloaded solana-secp256k1-recover v2.2.1
  Downloaded solana-instructions-sysvar v2.2.2
  Downloaded thiserror-impl v2.0.21
  Downloaded solana-sdk-macro v2.2.1
  Downloaded solana-loader-v2-interface v2.2.1
  Downloaded thiserror-impl v1.0.69
  Downloaded spl-transfer-hook-interface v0.10.0
  Downloaded solana-rent v2.2.1
  Downloaded cpufeatures v0.2.17
  Downloaded solana-blake3-hasher v2.2.1
  Downloaded solana-serde-varint v2.2.2
  Downloaded toml v0.5.11
  Downloaded spl-associated-token-account v7.0.0
  Downloaded unicode-ident v1.0.26
  Downloaded tinyvec v1.13.3
  Downloaded uriparse v0.6.4
  Downloaded lazy_static v1.5.0
  Downloaded spl-token v8.0.0
  Downloaded toml_edit v0.22.27
  Downloaded getrandom v0.1.16
  Downloaded digest v0.10.7
  Downloaded rand_core v0.5.1
  Downloaded cipher v0.4.4
  Downloaded bincode v1.3.3
  Downloaded solana-sha256-hasher v2.3.0
  Downloaded rustversion v1.0.23
  Downloaded find-msvc-tools v0.1.14
  Downloaded unicode-segmentation v1.12.0
  Downloaded ppv-lite86 v0.2.21
  Downloaded constant_time_eq v0.3.1
  Downloaded solana-program-error v2.2.2
  Downloaded spl-tlv-account-resolution v0.10.0
  Downloaded typenum v1.20.1
  Downloaded shlex v2.0.1
  Downloaded rand_core v0.6.4
  Downloaded proc-macro-crate v3.3.0
  Downloaded solana-serialize-utils v2.2.1
  Downloaded num_enum v0.7.6
  Downloaded sha2 v0.10.9
  Downloaded solana-feature-gate-interface v2.2.2
  Downloaded winnow v0.7.15
  Downloaded solana-stake-interface v1.2.1
  Downloaded anyhow v1.0.104
  Downloaded borsh v0.10.4
  Downloaded autocfg v1.5.1
  Downloaded bs58 v0.5.1
  Downloaded byteorder v1.5.0
  Downloaded either v1.18.0
  Downloaded bytemuck_derive v1.12.1
  Downloaded ctr v0.9.2
  Downloaded five8 v0.2.1
  Downloaded spl-token-2022 v8.0.1
  Downloaded polyval v0.6.2
  Downloaded solana-pubkey v2.4.0
  Downloaded anchor-lang v0.32.1
  Downloaded hmac v0.12.1
  Downloaded semver v1.0.28
  Downloaded solana-instruction v2.3.3
  Downloaded libsecp256k1-core v0.2.2
  Downloaded solana-program-option v2.2.1
  Downloaded solana-address-lookup-table-interface v2.2.2
  Downloaded zerocopy v0.8.59
  Downloaded syn v3.0.6
  Downloaded solana-program v2.3.0
  Downloaded syn v1.0.109
  Downloaded syn v2.0.119
  Downloaded log v0.4.34
  Downloaded borsh-derive v1.5.7
  Downloaded anchor-spl v0.32.1
  Downloaded base64 v0.12.3
  Downloaded num-integer v0.1.47
  Downloaded quote v1.0.47
  Downloaded sha2 v0.9.9
  Downloaded rustc_version v0.4.1
  Downloaded num_enum_derive v0.7.6
  Downloaded arrayvec v0.7.8
  Downloaded once_cell v1.21.4
  Downloaded borsh v1.5.7
  Downloaded bitflags v2.13.2
  Downloaded bv v0.11.1
  Downloaded getrandom v0.2.17
  Downloaded solana-message v2.4.0
  Downloaded serde_core v1.0.229
  Downloaded serde_derive v1.0.229
  Downloaded aes-gcm-siv v0.11.1
  Downloaded anchor-syn v0.32.2
  Downloaded num-traits v0.2.19
  Downloaded bytemuck v1.25.2
  Downloaded base64 v0.22.1
  Downloaded memchr v2.8.3
  Downloaded rand v0.8.8
  Downloaded num-bigint v0.4.8
  Downloaded aes v0.8.4
  Downloaded solana-zk-sdk v2.3.13
  Downloaded proc-macro2 v1.0.107
  Downloaded base64 v0.21.7
  Downloaded rand v0.7.3
  Downloaded serde v1.0.229
  Downloaded indexmap v2.9.0
  Downloaded cc v1.5.1
  Downloaded hashbrown v0.13.2
  Downloaded itertools v0.12.1
  Downloaded blake3 v1.5.5
  Downloaded serde_json v1.0.151
  Downloaded hashbrown v0.15.5
  Downloaded curve25519-dalek v4.1.3
  Downloaded libc v0.2.189
  Downloaded sha3 v0.10.9
   Compiling proc-macro2 v1.0.107
   Compiling quote v1.0.47
   Compiling unicode-ident v1.0.26
   Compiling version_check v0.9.5
   Compiling serde_core v1.0.229
   Compiling generic-array v0.14.7
   Compiling syn v3.0.6
   Compiling syn v2.0.119
   Compiling serde v1.0.229
   Compiling serde_derive v1.0.229
   Compiling syn v1.0.109
   Compiling hashbrown v0.15.5
   Compiling equivalent v1.0.2
   Compiling winnow v0.7.15
   Compiling indexmap v2.9.0
   Compiling toml_datetime v0.6.11
   Compiling typenum v1.20.1
   Compiling toml_edit v0.22.27
   Compiling cfg-if v1.0.5
   Compiling subtle v2.6.1
   Compiling proc-macro-crate v3.3.0
   Compiling solana-define-syscall v2.3.0
   Compiling cfg_aliases v0.2.2
   Compiling borsh v1.5.7
   Compiling block-buffer v0.10.4
   Compiling crypto-common v0.1.7
   Compiling once_cell v1.21.4
   Compiling autocfg v1.5.1
   Compiling borsh-derive v1.5.7
   Compiling digest v0.10.7
   Compiling bytemuck_derive v1.12.1
   Compiling zerocopy v0.8.59
   Compiling five8_core v0.1.2
   Compiling bytemuck v1.25.2
   Compiling ahash v0.8.12
   Compiling zmij v1.0.23
   Compiling five8 v0.2.1
   Compiling borsh-derive-internal v0.10.4
   Compiling toml v0.5.11
   Compiling solana-atomic-u64 v2.2.1
   Compiling solana-sanitize v2.2.1
   Compiling solana-hash v2.3.0
   Compiling proc-macro-crate v0.1.5
   Compiling num-traits v0.2.19
   Compiling borsh-schema-derive-internal v0.10.4
   Compiling serde_json v1.0.151
   Compiling borsh-derive v0.10.4
   Compiling hashbrown v0.13.2
   Compiling sha2 v0.10.9
   Compiling borsh v0.10.4
   Compiling solana-sha256-hasher v2.3.0
   Compiling solana-decode-error v2.3.0
   Compiling five8_const v0.1.4
   Compiling solana-pubkey v2.4.0
   Compiling memchr v2.8.3
   Compiling itoa v1.0.18
   Compiling bincode v1.3.3
   Compiling solana-sdk-ids v2.2.1
   Compiling solana-instruction v2.3.3
   Compiling solana-msg v2.2.1
   Compiling bs58 v0.5.1
   Compiling solana-program-error v2.2.2
   Compiling cpufeatures v0.2.17
   Compiling thiserror v1.0.69
   Compiling thiserror-impl v1.0.69
   Compiling solana-sysvar-id v2.2.1
   Compiling solana-program-memory v2.3.1
   Compiling solana-account-info v2.3.0
   Compiling thiserror v2.0.21
   Compiling thiserror-impl v2.0.21
   Compiling solana-sdk-macro v2.2.1
   Compiling num-derive v0.4.2
   Compiling keccak v0.1.6
   Compiling solana-system-interface v1.0.0
   Compiling zeroize_derive v1.4.2
   Compiling anyhow v1.0.104
   Compiling zeroize v1.8.1
   Compiling solana-program-option v2.2.1
   Compiling byteorder v1.5.0
   Compiling rand_core v0.6.4
   Compiling merlin v3.0.0
   Compiling solana-clock v2.2.3
   Compiling unicode-segmentation v1.12.0
   Compiling base64 v0.22.1
   Compiling solana-zk-sdk v2.3.13
   Compiling heck v0.3.3
   Compiling solana-stable-layout v2.2.1
   Compiling feature-probe v0.1.1
   Compiling bv v0.11.1
   Compiling solana-serialize-utils v2.2.1
   Compiling anchor-syn v0.32.2
   Compiling solana-cpi v2.2.1
   Compiling spl-pod v0.5.1
   Compiling solana-rent v2.2.1
   Compiling spl-discriminator-syn v0.2.1
   Compiling solana-program-entrypoint v2.3.0
   Compiling log v0.4.34
   Compiling solana-fee-calculator v2.2.1
   Compiling spl-discriminator-derive v0.2.0
   Compiling solana-instructions-sysvar v2.2.2
   Compiling solana-slot-hashes v2.2.1
   Compiling shlex v2.0.1
   Compiling lazy_static v1.5.0
   Compiling arrayref v0.3.9
   Compiling find-msvc-tools v0.1.14
   Compiling cc v1.5.1
   Compiling solana-slot-history v2.2.1
   Compiling spl-discriminator v0.4.1
   Compiling solana-stake-interface v1.2.1
   Compiling solana-epoch-schedule v2.2.1
   Compiling solana-epoch-rewards v2.2.1
   Compiling solana-last-restart-slot v2.2.1
   Compiling serde_bytes v0.11.19
   Compiling solana-sysvar v2.3.0
   Compiling blake3 v1.5.5
   Compiling rustversion v1.0.23
   Compiling spl-type-length-value v0.8.0
   Compiling solana-curve25519 v2.3.13
   Compiling spl-program-error-derive v0.5.0
   Compiling solana-program-pack v2.2.1
   Compiling arrayvec v0.7.8
   Compiling constant_time_eq v0.3.1
   Compiling spl-program-error v0.7.0
   Compiling solana-account v2.2.1
   Compiling solana-borsh v2.2.1
   Compiling memoffset v0.9.1
   Compiling num_enum_derive v0.7.6
   Compiling solana-short-vec v2.2.1
   Compiling solana-feature-gate-interface v2.2.2
   Compiling spl-tlv-account-resolution v0.10.0
   Compiling num_enum v0.7.6
   Compiling spl-token-confidential-transfer-proof-extraction v0.3.0
   Compiling anchor-lang-idl-spec v0.1.0
   Compiling sha3 v0.10.9
   Compiling solana-bincode v2.2.1
   Compiling solana-transaction-error v2.2.1
   Compiling solana-serde-varint v2.2.2
   Compiling solana-native-token v2.3.0
   Compiling anchor-lang-idl v0.1.4
   Compiling solana-vote-interface v2.2.6
   Compiling solana-message v2.4.0
   Compiling solana-keccak-hasher v2.2.1
   Compiling spl-elgamal-registry v0.2.0
   Compiling spl-transfer-hook-interface v0.10.0
   Compiling spl-token v8.0.0
   Compiling spl-token-metadata-interface v0.7.0
   Compiling solana-blake3-hasher v2.2.1
   Compiling spl-token-confidential-transfer-ciphertext-arithmetic v0.3.1
   Compiling solana-loader-v3-interface v5.0.0
   Compiling solana-loader-v2-interface v2.2.1
   Compiling solana-loader-v4-interface v2.2.1
   Compiling spl-token-group-interface v0.6.0
   Compiling solana-address-lookup-table-interface v2.2.2
   Compiling solana-nonce v2.2.1
   Compiling spl-memo v6.0.0
   Compiling solana-secp256k1-recover v2.2.1
   Compiling solana-big-mod-exp v2.2.1
   Compiling getrandom v0.2.17
   Compiling solana-security-txt v1.1.3
   Compiling solana-program v2.3.0
   Compiling spl-token-2022 v8.0.1
   Compiling anchor-attribute-program v0.32.2
   Compiling solana-loader-v3-interface v3.0.0
   Compiling anchor-attribute-account v0.32.2
   Compiling anchor-derive-serde v0.32.2
   Compiling anchor-attribute-access-control v0.32.2
   Compiling anchor-attribute-error v0.32.2
   Compiling anchor-derive-accounts v0.32.2
   Compiling anchor-attribute-constant v0.32.2
   Compiling anchor-attribute-event v0.32.2
   Compiling solana-invoke v0.4.0
   Compiling spl-associated-token-account-client v2.0.0
   Compiling anchor-derive-space v0.32.2
   Compiling base64 v0.21.7
   Compiling anchor-lang v0.32.1
   Compiling spl-associated-token-account v7.0.0
   Compiling anchor-spl v0.32.1
   Compiling mohar v0.1.0 (/home/hatch/workspace/bharosa/programs/mohar)
error[E0659]: `borsh` is ambiguous
   --> programs/mohar/src/lib.rs:411:27
    |
411 | #[derive(AnchorSerialize, AnchorDeserialize, Clone, Copy, PartialEq, Eq)]
    |                           ^^^^^^^^^^^^^^^^^ ambiguous name
    |
    = note: ambiguous because of a conflict between a name from a glob import and an outer scope during import or macro resolution
    = note: `borsh` could refer to a crate passed with `--extern`
    = help: use `::borsh` to refer to this crate unambiguously
note: `borsh` could also refer to the crate imported here
   --> programs/mohar/src/lib.rs:1:5
    |
1   | use anchor_lang::prelude::*;
    |     ^^^^^^^^^^^^^^^^^^^^^^^
    = help: consider adding an explicit import of `borsh` to disambiguate
    = help: or use `crate::borsh` to refer to this crate unambiguously
    = note: this error originates in the derive macro `AnchorDeserialize` (in Nightly builds, run with -Z macro-backtrace for more info)

warning: unexpected `cfg` condition value: `custom-heap`
 --> programs/mohar/src/lib.rs:7:1
  |
7 | #[program]
  | ^^^^^^^^^^
  |
  = note: expected values for `feature` are: `cpi`, `default`, `no-entrypoint`, `no-idl`, and `no-log-ix-name`
  = help: consider adding `custom-heap` as a feature in `Cargo.toml`
  = note: see <https://doc.rust-lang.org/nightly/rustc/check-cfg/cargo-specifics.html> for more information about checking conditional configuration
  = note: `#[warn(unexpected_cfgs)]` on by default
  = note: this warning originates in the macro `$crate::custom_heap_default` which comes from the expansion of the attribute macro `program` (in Nightly builds, run with -Z macro-backtrace for more info)

warning: unexpected `cfg` condition value: `custom-panic`
 --> programs/mohar/src/lib.rs:7:1
  |
7 | #[program]
  | ^^^^^^^^^^
  |
  = note: expected values for `feature` are: `cpi`, `default`, `no-entrypoint`, `no-idl`, and `no-log-ix-name`
  = help: consider adding `custom-panic` as a feature in `Cargo.toml`
  = note: see <https://doc.rust-lang.org/nightly/rustc/check-cfg/cargo-specifics.html> for more information about checking conditional configuration
  = note: this warning originates in the macro `$crate::custom_panic_default` which comes from the expansion of the attribute macro `program` (in Nightly builds, run with -Z macro-backtrace for more info)

warning: unexpected `cfg` condition value: `anchor-debug`
 --> programs/mohar/src/lib.rs:7:1
  |
7 | #[program]
  | ^^^^^^^^^^
  |
  = note: expected values for `feature` are: `cpi`, `default`, `no-entrypoint`, `no-idl`, and `no-log-ix-name`
  = help: consider adding `anchor-debug` as a feature in `Cargo.toml`
  = note: see <https://doc.rust-lang.org/nightly/rustc/check-cfg/cargo-specifics.html> for more information about checking conditional configuration
  = note: this warning originates in the attribute macro `program` (in Nightly builds, run with -Z macro-backtrace for more info)

warning: unexpected `cfg` condition value: `anchor-debug`
 --> programs/mohar/src/lib.rs:7:1
  |
7 | #[program]
  | ^^^^^^^^^^
  |
  = note: expected values for `feature` are: `cpi`, `default`, `no-entrypoint`, `no-idl`, and `no-log-ix-name`
  = help: consider adding `anchor-debug` as a feature in `Cargo.toml`
  = note: see <https://doc.rust-lang.org/nightly/rustc/check-cfg/cargo-specifics.html> for more information about checking conditional configuration
  = note: this warning originates in the derive macro `Accounts` (in Nightly builds, run with -Z macro-backtrace for more info)

warning: unexpected `cfg` condition value: `anchor-debug`
   --> programs/mohar/src/lib.rs:212:10
    |
212 | #[derive(Accounts)]
    |          ^^^^^^^^
    |
    = note: expected values for `feature` are: `cpi`, `default`, `no-entrypoint`, `no-idl`, and `no-log-ix-name`
    = help: consider adding `anchor-debug` as a feature in `Cargo.toml`
    = note: see <https://doc.rust-lang.org/nightly/rustc/check-cfg/cargo-specifics.html> for more information about checking conditional configuration
    = note: this warning originates in the derive macro `Accounts` (in Nightly builds, run with -Z macro-backtrace for more info)

warning: unexpected `cfg` condition value: `anchor-debug`
   --> programs/mohar/src/lib.rs:256:10
    |
256 | #[derive(Accounts)]
    |          ^^^^^^^^
    |
    = note: expected values for `feature` are: `cpi`, `default`, `no-entrypoint`, `no-idl`, and `no-log-ix-name`
    = help: consider adding `anchor-debug` as a feature in `Cargo.toml`
    = note: see <https://doc.rust-lang.org/nightly/rustc/check-cfg/cargo-specifics.html> for more information about checking conditional configuration
    = note: this warning originates in the derive macro `Accounts` (in Nightly builds, run with -Z macro-backtrace for more info)

warning: unexpected `cfg` condition value: `anchor-debug`
   --> programs/mohar/src/lib.rs:268:10
    |
268 | #[derive(Accounts)]
    |          ^^^^^^^^
    |
    = note: expected values for `feature` are: `cpi`, `default`, `no-entrypoint`, `no-idl`, and `no-log-ix-name`
    = help: consider adding `anchor-debug` as a feature in `Cargo.toml`
    = note: see <https://doc.rust-lang.org/nightly/rustc/check-cfg/cargo-specifics.html> for more information about checking conditional configuration
    = note: this warning originates in the derive macro `Accounts` (in Nightly builds, run with -Z macro-backtrace for more info)

warning: unexpected `cfg` condition value: `anchor-debug`
   --> programs/mohar/src/lib.rs:297:10
    |
297 | #[derive(Accounts)]
    |          ^^^^^^^^
    |
    = note: expected values for `feature` are: `cpi`, `default`, `no-entrypoint`, `no-idl`, and `no-log-ix-name`
    = help: consider adding `anchor-debug` as a feature in `Cargo.toml`
    = note: see <https://doc.rust-lang.org/nightly/rustc/check-cfg/cargo-specifics.html> for more information about checking conditional configuration
    = note: this warning originates in the derive macro `Accounts` (in Nightly builds, run with -Z macro-backtrace for more info)

warning: unexpected `cfg` condition value: `anchor-debug`
   --> programs/mohar/src/lib.rs:321:10
    |
321 | #[derive(Accounts)]
    |          ^^^^^^^^
    |
    = note: expected values for `feature` are: `cpi`, `default`, `no-entrypoint`, `no-idl`, and `no-log-ix-name`
    = help: consider adding `anchor-debug` as a feature in `Cargo.toml`
    = note: see <https://doc.rust-lang.org/nightly/rustc/check-cfg/cargo-specifics.html> for more information about checking conditional configuration
    = note: this warning originates in the derive macro `Accounts` (in Nightly builds, run with -Z macro-backtrace for more info)

warning: unexpected `cfg` condition value: `anchor-debug`
   --> programs/mohar/src/lib.rs:348:10
    |
348 | #[derive(Accounts)]
    |          ^^^^^^^^
    |
    = note: expected values for `feature` are: `cpi`, `default`, `no-entrypoint`, `no-idl`, and `no-log-ix-name`
    = help: consider adding `anchor-debug` as a feature in `Cargo.toml`
    = note: see <https://doc.rust-lang.org/nightly/rustc/check-cfg/cargo-specifics.html> for more information about checking conditional configuration
    = note: this warning originates in the derive macro `Accounts` (in Nightly builds, run with -Z macro-backtrace for more info)

warning: unexpected `cfg` condition value: `anchor-debug`
   --> programs/mohar/src/lib.rs:359:10
    |
359 | #[derive(Accounts)]
    |          ^^^^^^^^
    |
    = note: expected values for `feature` are: `cpi`, `default`, `no-entrypoint`, `no-idl`, and `no-log-ix-name`
    = help: consider adding `anchor-debug` as a feature in `Cargo.toml`
    = note: see <https://doc.rust-lang.org/nightly/rustc/check-cfg/cargo-specifics.html> for more information about checking conditional configuration
    = note: this warning originates in the derive macro `Accounts` (in Nightly builds, run with -Z macro-backtrace for more info)

warning: unused variable: `seed`
  --> programs/mohar/src/lib.rs:15:9
   |
15 |         seed: u64,
   |         ^^^^ help: if this is intentional, prefix it with an underscore: `_seed`
   |
   = note: `#[warn(unused_variables)]` on by default

error[E0782]: expected a type, found a trait
   --> programs/mohar/src/lib.rs:171:19
    |
171 |     ctx: &Context<ReleaseOrRefund<'info>>,
    |                   ^^^^^^^^^^^^^^^^^^^^^^
    |
help: you can add the `dyn` keyword if you want a trait object
    |
171 |     ctx: &Context<dyn ReleaseOrRefund<'info>>,
    |                   +++

Some errors have detailed explanations: E0659, E0782.
For more information about an error, try `rustc --explain E0659`.
warning: `mohar` (lib) generated 17 warnings (5 duplicates)
error: could not compile `mohar` (lib) due to 2 previous errors; 17 warnings emitted
EXIT: 1
