=== Installing Rust ===
info: downloading installer
error: $HOME differs from euid-obtained home directory: you may be using sudo
error: $HOME directory: /home/hatch
error: euid-obtained home directory: /root
info: profile set to minimal
info: default host tuple is x86_64-unknown-linux-gnu
info: syncing channel updates for stable-x86_64-unknown-linux-gnu
info: latest update on 2026-09-03 for version 1.98.1 (48a229cea 2026-09-01)
info: downloading 3 components
info: default toolchain set to stable-x86_64-unknown-linux-gnu

  stable-x86_64-unknown-linux-gnu installed - rustc 1.98.1 (48a229cea 2026-09-01)


Rust is installed now. Great!

To get started you may need to restart your current shell.
This would reload your PATH environment variable to include
Cargo's bin directory ($HOME/.cargo/bin).

To configure your current shell, you need to source the
corresponding env file under $HOME/.cargo.

Consider running the right command for your shell (note the leading DOT):
. "$HOME/.cargo/env" # For sh/ash/dash/pdksh/zsh
cargo:rerun-if-env-changed=CC_x86_64-unknown-linux-gnu
CC_x86_64-unknown-linux-gnu = None
cargo:rerun-if-env-changed=CC_x86_64_unknown_linux_gnu
CC_x86_64_unknown_linux_gnu = None
cargo:rerun-if-env-changed=HOST_CC
HOST_CC = None
cargo:rerun-if-env-changed=CC
CC = None
cargo:rerun-if-env-changed=CC_ENABLE_DEBUG_OUTPUT
cargo:rerun-if-env-changed=CRATE_CC_NO_DEFAULTS
CRATE_CC_NO_DEFAULTS = None
cargo:rerun-if-env-changed=CFLAGS
CFLAGS = None
cargo:rerun-if-env-changed=HOST_CFLAGS
HOST_CFLAGS = None
cargo:rerun-if-env-changed=CFLAGS_x86_64_unknown_linux_gnu
CFLAGS_x86_64_unknown_linux_gnu = None
cargo:rerun-if-env-changed=CFLAGS_x86_64-unknown-linux-gnu
CFLAGS_x86_64-unknown-linux-gnu = None
rustc 1.98.1 (48a229cea 2026-09-01)
=== Installing Solana CLI ===
downloading stable installer
  stable commit b86e51d initialized
Adding 
export PATH="/home/hatch/.local/share/solana/install/active_release/bin:$PATH" to /home/hatch/.profile

Close and reopen your terminal to apply the PATH changes or run the following in your existing shell:
  
export PATH="/home/hatch/.local/share/solana/install/active_release/bin:$PATH"

solana-cli 4.3.0 (src:b86e51d1; feat:c9ad34d2, client:Agave)
=== Installing Anchor via avm ===
    Updating git repository `https://github.com/solana-foundation/anchor`
  Installing avm v1.2.0 (https://github.com/solana-foundation/anchor#bce16223)
    Updating crates.io index
warning: spurious network error (3 tries remaining): transfer too slow: failed to transfer more than 10 bytes in 30s (transferred 0 bytes)
warning: spurious network error (3 tries remaining): transfer too slow: failed to transfer more than 10 bytes in 30s (transferred 0 bytes)
warning: spurious network error (3 tries remaining): transfer too slow: failed to transfer more than 10 bytes in 30s (transferred 0 bytes)
warning: spurious network error (3 tries remaining): transfer too slow: failed to transfer more than 10 bytes in 30s (transferred 0 bytes)
warning: spurious network error (3 tries remaining): transfer too slow: failed to transfer more than 10 bytes in 30s (transferred 0 bytes)
warning: spurious network error (3 tries remaining): transfer too slow: failed to transfer more than 10 bytes in 30s (transferred 0 bytes)
warning: spurious network error (2 tries remaining): transfer too slow: failed to transfer more than 10 bytes in 30s (transferred 0 bytes)
warning: spurious network error (2 tries remaining): transfer too slow: failed to transfer more than 10 bytes in 30s (transferred 0 bytes)
warning: spurious network error (2 tries remaining): transfer too slow: failed to transfer more than 10 bytes in 30s (transferred 0 bytes)
warning: spurious network error (2 tries remaining): transfer too slow: failed to transfer more than 10 bytes in 30s (transferred 0 bytes)
warning: spurious network error (2 tries remaining): transfer too slow: failed to transfer more than 10 bytes in 30s (transferred 0 bytes)
warning: spurious network error (2 tries remaining): transfer too slow: failed to transfer more than 10 bytes in 30s (transferred 0 bytes)
warning: spurious network error (1 try remaining): transfer too slow: failed to transfer more than 10 bytes in 30s (transferred 0 bytes)
warning: spurious network error (1 try remaining): transfer too slow: failed to transfer more than 10 bytes in 30s (transferred 0 bytes)
warning: spurious network error (1 try remaining): transfer too slow: failed to transfer more than 10 bytes in 30s (transferred 0 bytes)
warning: spurious network error (1 try remaining): transfer too slow: failed to transfer more than 10 bytes in 30s (transferred 0 bytes)
warning: spurious network error (1 try remaining): transfer too slow: failed to transfer more than 10 bytes in 30s (transferred 0 bytes)
warning: spurious network error (1 try remaining): transfer too slow: failed to transfer more than 10 bytes in 30s (transferred 0 bytes)
 Downloading crates ...
  Downloaded anyhow v1.0.102
  Downloaded cfg_aliases v0.2.1
  Downloaded flagset v0.4.7
  Downloaded is_terminal_polyfill v1.70.2
  Downloaded dirs-sys v0.3.7
  Downloaded crmf v0.2.0
  Downloaded dunce v1.0.5
  Downloaded form_urlencoded v1.2.2
  Downloaded futures-io v0.3.32
  Downloaded block-buffer v0.10.4
  Downloaded futures-task v0.3.32
  Downloaded lru-slab v0.1.2
  Downloaded itoa v1.0.18
  Downloaded colorchoice v1.0.5
  Downloaded dirs v4.0.0
  Downloaded clap_lex v1.1.0
  Downloaded futures-sink v0.3.32
  Downloaded errno v0.3.14
  Downloaded crypto-common v0.1.7
  Downloaded idna_adapter v1.2.2
  Downloaded potential_utf v0.1.5
  Downloaded percent-encoding v2.3.2
  Downloaded http-body v1.0.1
  Downloaded anstyle-query v1.1.5
  Downloaded defmt-parser v1.0.0
  Downloaded displaydoc v0.2.6
  Downloaded cpufeatures v0.2.17
  Downloaded der_derive v0.7.3
  Downloaded fs2 v0.4.3
  Downloaded cfg-if v1.0.4
  Downloaded subtle v2.6.1
  Downloaded hyper-rustls v0.27.9
  Downloaded atomic-waker v1.1.2
  Downloaded fastrand v2.4.1
  Downloaded defmt-macros v1.1.1
  Downloaded serde_urlencoded v0.7.1
  Downloaded openssl-probe v0.2.1
  Downloaded ipnet v2.12.0
  Downloaded generic-array v0.14.7
  Downloaded futures-core v0.3.32
  Downloaded hex v0.4.3
  Downloaded sync_wrapper v1.0.2
  Downloaded anstyle-parse v1.0.0
  Downloaded equivalent v1.0.2
  Downloaded toml_datetime v0.6.11
  Downloaded tower-layer v0.3.3
  Downloaded bitflags v1.3.2
  Downloaded http-body-util v0.1.3
  Downloaded pem v3.0.6
  Downloaded zeroize_derive v1.4.3
  Downloaded serde_spanned v1.1.1
  Downloaded tinyvec_macros v0.1.1
  Downloaded fs_extra v1.3.0
  Downloaded futures-channel v0.3.32
  Downloaded getrandom v0.2.17
  Downloaded pkg-config v0.3.33
  Downloaded utf8_iter v1.0.4
  Downloaded autocfg v1.5.1
  Downloaded pem-rfc7468 v0.7.0
  Downloaded iana-time-zone v0.1.65
  Downloaded yoke-derive v0.8.2
  Downloaded anstyle v1.0.14
  Downloaded try-lock v0.2.5
  Downloaded want v0.3.1
  Downloaded version_check v0.9.5
  Downloaded zerofrom v0.1.8
  Downloaded digest v0.10.7
  Downloaded serde_spanned v0.6.9
  Downloaded zerofrom-derive v0.1.7
  Downloaded heck v0.5.0
  Downloaded signature v2.2.0
  Downloaded const-oid v0.9.6
  Downloaded quote v1.0.45
  Downloaded pin-project-lite v0.2.17
  Downloaded getrandom v0.3.4
  Downloaded ppv-lite86 v0.2.21
  Downloaded thiserror v2.0.18
  Downloaded litemap v0.8.2
  Downloaded bitflags v2.11.1
  Downloaded clap_derive v4.6.1
  Downloaded getrandom v0.4.2
  Downloaded rustc-hash v2.1.2
  Downloaded cargo_toml v0.22.3
  Downloaded cmake v0.1.58
  Downloaded cmpv2 v0.2.0
  Downloaded rand_core v0.9.5
  Downloaded slab v0.4.12
  Downloaded untrusted v0.9.0
  Downloaded spki v0.7.3
  Downloaded sha2 v0.10.9
  Downloaded base64ct v1.8.3
  Downloaded sigstore-crypto v0.11.0
  Downloaded strsim v0.11.1
  Downloaded toml_writer v1.1.1+spec-1.1.0
  Downloaded find-msvc-tools v0.1.9
  Downloaded jobserver v0.1.34
  Downloaded log v0.4.30
  Downloaded shlex v1.3.0
  Downloaded serde_json_canonicalizer v0.3.2
  Downloaded tls_codec v0.4.2
  Downloaded untrusted v0.7.1
  Downloaded x509-tsp v0.1.0
  Downloaded zeroize v1.8.2
  Downloaded zmij v1.0.21
  Downloaded num-traits v0.2.19
  Downloaded stable_deref_trait v1.2.1
  Downloaded writeable v0.6.3
  Downloaded icu_properties v2.2.0
  Downloaded quinn-udp v0.5.14
  Downloaded rand_chacha v0.9.0
  Downloaded toml_datetime v0.7.5+spec-1.1.0
  Downloaded rustls-native-certs v0.8.3
  Downloaded rustls-pki-types v1.14.1
  Downloaded anstream v1.0.0
  Downloaded tempfile v3.27.0
  Downloaded thiserror-impl v2.0.18
  Downloaded tinystr v0.8.3
  Downloaded tls_codec_derive v0.4.2
  Downloaded icu_provider v2.2.0
  Downloaded sigstore-merkle v0.11.0
  Downloaded httparse v1.10.1
  Downloaded quinn-proto v0.11.14
  Downloaded tracing-attributes v0.1.31
  Downloaded zerovec-derive v0.11.3
  Downloaded icu_normalizer v2.2.0
  Downloaded clap v4.6.1
  Downloaded tower-service v0.3.3
  Downloaded yoke v0.8.2
  Downloaded defmt v1.1.1
  Downloaded once_cell v1.21.4
  Downloaded tokio-rustls v0.26.4
  Downloaded synstructure v0.13.2
  Downloaded sigstore-bundle v0.11.0
  Downloaded clap_complete v4.6.5
  Downloaded icu_locale_core v2.2.0
  Downloaded semver v1.0.28
  Downloaded sha1 v0.10.6
  Downloaded sigstore-types v0.11.0
  Downloaded smallvec v1.15.1
  Downloaded sigstore-trust-root v0.11.0
  Downloaded base64 v0.22.1
  Downloaded toml_parser v1.1.2+spec-1.1.0
  Downloaded serde_derive v1.0.228
  Downloaded zerotrie v0.2.4
  Downloaded proc-macro2 v1.0.106
  Downloaded serde_core v1.0.228
  Downloaded rand_core v0.6.4
  Downloaded socket2 v0.6.3
  Downloaded der v0.7.10
  Downloaded bytes v1.11.1
  Downloaded tinyvec v1.11.0
  Downloaded toml v0.7.8
  Downloaded cc v1.2.62
  Downloaded jiff-static v0.2.32
  Downloaded utf8parse v0.2.2
  Downloaded rustls-platform-verifier v0.6.2
  Downloaded icu_normalizer_data v2.2.0
  Downloaded ryu v1.0.23
  Downloaded ryu-js v1.0.3
  Downloaded memchr v2.8.1
  Downloaded mio v1.2.0
  Downloaded sigstore-rekor v0.11.0
  Downloaded tracing-core v0.1.36
  Downloaded unicode-ident v1.0.24
  Downloaded icu_collections v2.2.0
  Downloaded indexmap v2.14.0
  Downloaded hyper-util v0.1.20
  Downloaded zerovec v0.11.6
  Downloaded rustls-webpki v0.103.13
  Downloaded http v1.4.1
  Downloaded toml v0.9.12+spec-1.1.0
  Downloaded clap_builder v4.6.0
  Downloaded serde v1.0.228
  Downloaded futures-util v0.3.32
  Downloaded hashbrown v0.17.1
  Downloaded icu_properties_data v2.2.0
  Downloaded hyper v1.10.0
  Downloaded idna v1.1.0
  Downloaded cms v0.2.3
  Downloaded sigstore-tsa v0.11.0
  Downloaded url v2.5.8
  Downloaded quinn v0.11.9
  Downloaded rand v0.9.4
  Downloaded typenum v1.20.0
  Downloaded tower v0.5.3
  Downloaded toml_edit v0.19.15
  Downloaded aws-lc-rs v1.17.1
  Downloaded x509-cert v0.2.5
  Downloaded chrono v0.4.44
  Downloaded sigstore-verify v0.11.0
  Downloaded reqwest v0.13.4
  Downloaded winnow v0.5.40
  Downloaded serde_json v1.0.150
  Downloaded tower-http v0.6.11
  Downloaded winnow v0.7.15
  Downloaded winnow v1.0.3
  Downloaded libc v0.2.186
  Downloaded jiff v0.2.32
  Downloaded syn v2.0.117
  Downloaded zerocopy v0.8.48
  Downloaded rustls v0.23.40
  Downloaded rustix v1.1.4
  Downloaded tracing v0.1.44
  Downloaded tokio v1.52.3
  Downloaded ring v0.17.14
  Downloaded linux-raw-sys v0.12.1
  Downloaded aws-lc-sys v0.42.0
   Compiling proc-macro2 v1.0.106
   Compiling unicode-ident v1.0.24
   Compiling quote v1.0.45
   Compiling libc v0.2.186
   Compiling syn v2.0.117
   Compiling serde_core v1.0.228
   Compiling synstructure v0.13.2
   Compiling jobserver v0.1.34
   Compiling shlex v1.3.0
   Compiling find-msvc-tools v0.1.9
   Compiling zeroize_derive v1.4.3
   Compiling zerofrom-derive v0.1.7
   Compiling zeroize v1.8.2
   Compiling cc v1.2.62
   Compiling cfg-if v1.0.4
   Compiling version_check v0.9.5
   Compiling generic-array v0.14.7
   Compiling zerofrom v0.1.8
   Compiling cmake v0.1.58
   Compiling yoke-derive v0.8.2
   Compiling fs_extra v1.3.0
   Compiling pkg-config v0.3.33
   Compiling itoa v1.0.18
   Compiling dunce v1.0.5
   Compiling stable_deref_trait v1.2.1
   Compiling aws-lc-sys v0.42.0
   Compiling yoke v0.8.2
   Compiling serde v1.0.228
   Compiling pin-project-lite v0.2.17
   Compiling typenum v1.20.0
   Compiling zerovec-derive v0.11.3
   Compiling serde_derive v1.0.228
   Compiling zerovec v0.11.6
   Compiling displaydoc v0.2.6
   Compiling once_cell v1.21.4
   Compiling aws-lc-rs v1.17.1
   Compiling memchr v2.8.1
   Compiling block-buffer v0.10.4
   Compiling crypto-common v0.1.7
   Compiling base64ct v1.8.3
   Compiling bytes v1.11.1
   Compiling pem-rfc7468 v0.7.0
   Compiling digest v0.10.7
   Compiling der_derive v0.7.3
   Compiling untrusted v0.7.1
   Compiling futures-core v0.3.32
   Compiling cpufeatures v0.2.17
   Compiling const-oid v0.9.6
   Compiling flagset v0.4.7
   Compiling der v0.7.10
   Compiling tinystr v0.8.3
   Compiling tls_codec_derive v0.4.2
   Compiling rand_core v0.6.4
   Compiling writeable v0.6.3
   Compiling smallvec v1.15.1
   Compiling litemap v0.8.2
   Compiling zmij v1.0.21
   Compiling icu_locale_core v2.2.0
   Compiling signature v2.2.0
   Compiling tls_codec v0.4.2
   Compiling spki v0.7.3
   Compiling sha1 v0.10.6
   Compiling zerotrie v0.2.4
   Compiling potential_utf v0.1.5
   Compiling rustls-pki-types v1.14.1
   Compiling socket2 v0.6.3
   Compiling mio v1.2.0
   Compiling utf8_iter v1.0.4
   Compiling serde_json v1.0.150
   Compiling icu_properties_data v2.2.0
   Compiling icu_normalizer_data v2.2.0
   Compiling base64 v0.22.1
   Compiling getrandom v0.3.4
   Compiling futures-sink v0.3.32
   Compiling icu_collections v2.2.0
   Compiling tokio v1.52.3
   Compiling icu_provider v2.2.0
   Compiling x509-cert v0.2.5
   Compiling http v1.4.1
   Compiling tracing-core v0.1.36
   Compiling tracing-attributes v0.1.31
   Compiling percent-encoding v2.3.2
   Compiling tracing v0.1.44
   Compiling http-body v1.0.1
   Compiling httparse v1.10.1
   Compiling futures-task v0.3.32
   Compiling slab v0.4.12
   Compiling thiserror v2.0.18
   Compiling untrusted v0.9.0
   Compiling rustls v0.23.40
   Compiling futures-io v0.3.32
   Compiling futures-util v0.3.32
   Compiling rand_core v0.9.5
   Compiling icu_normalizer v2.2.0
   Compiling icu_properties v2.2.0
   Compiling thiserror-impl v2.0.18
   Compiling subtle v2.6.1
   Compiling tower-service v0.3.3
   Compiling try-lock v0.2.5
   Compiling want v0.3.1
   Compiling idna_adapter v1.2.2
   Compiling form_urlencoded v1.2.2
   Compiling futures-channel v0.3.32
   Compiling pem v3.0.6
   Compiling hex v0.4.3
   Compiling atomic-waker v1.1.2
   Compiling bitflags v2.11.1
   Compiling zerocopy v0.8.48
   Compiling hyper v1.10.0
   Compiling sigstore-types v0.11.0
   Compiling idna v1.1.0
   Compiling sha2 v0.10.9
   Compiling sync_wrapper v1.0.2
   Compiling openssl-probe v0.2.1
   Compiling ipnet v2.12.0
   Compiling tower-layer v0.3.3
   Compiling tower v0.5.3
   Compiling hyper-util v0.1.20
   Compiling rustls-native-certs v0.8.3
   Compiling url v2.5.8
   Compiling cms v0.2.3
   Compiling log v0.4.30
   Compiling ryu v1.0.23
   Compiling serde_urlencoded v0.7.1
   Compiling crmf v0.2.0
   Compiling ppv-lite86 v0.2.21
   Compiling tower-http v0.6.11
   Compiling http-body-util v0.1.3
   Compiling utf8parse v0.2.2
   Compiling anstyle-parse v1.0.0
   Compiling rand_chacha v0.9.0
   Compiling cmpv2 v0.2.0
   Compiling jiff v0.2.32
   Compiling autocfg v1.5.1
   Compiling anstyle-query v1.1.5
   Compiling anstyle v1.0.14
   Compiling colorchoice v1.0.5
   Compiling is_terminal_polyfill v1.70.2
   Compiling anstream v1.0.0
   Compiling num-traits v0.2.19
   Compiling x509-tsp v0.1.0
   Compiling rand v0.9.4
   Compiling hashbrown v0.17.1
   Compiling equivalent v1.0.2
   Compiling strsim v0.11.1
   Compiling getrandom v0.4.2
   Compiling winnow v1.0.3
   Compiling clap_lex v1.1.0
   Compiling rustix v1.1.4
   Compiling heck v0.5.0
   Compiling clap_derive v4.6.1
   Compiling clap_builder v4.6.0
   Compiling toml_parser v1.1.2+spec-1.1.0
   Compiling indexmap v2.14.0
   Compiling toml_datetime v0.6.11
   Compiling serde_spanned v0.6.9
   Compiling toml_datetime v0.7.5+spec-1.1.0
   Compiling serde_spanned v1.1.1
   Compiling anyhow v1.0.102
   Compiling winnow v0.7.15
   Compiling linux-raw-sys v0.12.1
   Compiling ryu-js v1.0.3
   Compiling winnow v0.5.40
   Compiling toml_writer v1.1.1+spec-1.1.0
   Compiling toml v0.9.12+spec-1.1.0
   Compiling toml_edit v0.19.15
   Compiling rustls-webpki v0.103.13
   Compiling sigstore-crypto v0.11.0
   Compiling tokio-rustls v0.26.4
   Compiling hyper-rustls v0.27.9
   Compiling rustls-platform-verifier v0.6.2
   Compiling reqwest v0.13.4
   Compiling sigstore-merkle v0.11.0
   Compiling sigstore-rekor v0.11.0
   Compiling sigstore-tsa v0.11.0
   Compiling sigstore-trust-root v0.11.0
   Compiling sigstore-bundle v0.11.0
   Compiling serde_json_canonicalizer v0.3.2
   Compiling clap v4.6.1
   Compiling dirs-sys v0.3.7
   Compiling fastrand v2.4.1
   Compiling iana-time-zone v0.1.65
   Compiling tempfile v3.27.0
   Compiling chrono v0.4.44
   Compiling dirs v4.0.0
   Compiling clap_complete v4.6.5
   Compiling sigstore-verify v0.11.0
   Compiling toml v0.7.8
   Compiling cargo_toml v0.22.3
   Compiling fs2 v0.4.3
   Compiling semver v1.0.28
   Compiling avm v1.2.0 (/home/hatch/.cargo/git/checkouts/anchor-3eeed4e738e6d335/bce1622/avm)
    Finished `release` profile [optimized] target(s) in 9m 55s
  Installing /home/hatch/.cargo/bin/avm
   Installed package `avm v1.2.0 (https://github.com/solana-foundation/anchor#bce16223)` (executable `avm`)
The latest cargo build-sbf platform-tools (v1.57) is not installed. Run `cargo build-sbf --tools-version v1.57 --install-only` to install it.
Now using anchor version 1.2.0.
Now using anchor version 1.2.0.
  4.1.2 initialized
anchor-cli 1.2.0
=== DONE ===
